device=cuda amp=torch.bfloat16 scaler=off
train tokens=3627343 valid tokens=373690
DomSLMv2 params=4656384 (~4.66M) kv_bytes_per_tok=1536
step 20/2000 loss 6.5486 lr 3.00e-04 tok/s 184648 TFLOPS 5.159
step 40/2000 loss 5.6304 lr 6.00e-04 tok/s 191390 TFLOPS 5.347
step 60/2000 loss 5.0048 lr 9.00e-04 tok/s 191246 TFLOPS 5.343
step 80/2000 loss 4.7059 lr 1.20e-03 tok/s 191047 TFLOPS 5.338
step 100/2000 loss 4.3683 lr 1.50e-03 tok/s 190996 TFLOPS 5.336
  [eval] step 100 val_loss 4.2384
step 120/2000 loss 4.1212 lr 1.80e-03 tok/s 166753 TFLOPS 4.659
step 140/2000 loss 4.1423 lr 2.10e-03 tok/s 190670 TFLOPS 5.327
step 160/2000 loss 3.9184 lr 2.40e-03 tok/s 190410 TFLOPS 5.320
step 180/2000 loss 3.6840 lr 2.70e-03 tok/s 190258 TFLOPS 5.315
step 200/2000 loss 3.5774 lr 3.00e-03 tok/s 190022 TFLOPS 5.309
  [eval] step 200 val_loss 3.6256
step 220/2000 loss 3.4186 lr 3.00e-03 tok/s 165798 TFLOPS 4.632
step 240/2000 loss 3.2638 lr 3.00e-03 tok/s 189805 TFLOPS 5.303
step 260/2000 loss 3.1473 lr 2.99e-03 tok/s 190002 TFLOPS 5.308
step 280/2000 loss 2.9920 lr 2.99e-03 tok/s 190090 TFLOPS 5.311
step 300/2000 loss 2.8936 lr 2.98e-03 tok/s 190254 TFLOPS 5.315
  [eval] step 300 val_loss 3.3823
step 320/2000 loss 2.8617 lr 2.97e-03 tok/s 166111 TFLOPS 4.641
step 340/2000 loss 3.0073 lr 2.96e-03 tok/s 190444 TFLOPS 5.321
step 360/2000 loss 2.8126 lr 2.95e-03 tok/s 190499 TFLOPS 5.322
step 380/2000 loss 2.6387 lr 2.93e-03 tok/s 190505 TFLOPS 5.322
step 400/2000 loss 3.0162 lr 2.92e-03 tok/s 190397 TFLOPS 5.319
  [eval] step 400 val_loss 3.2630
step 420/2000 loss 3.0367 lr 2.90e-03 tok/s 166202 TFLOPS 4.643
step 440/2000 loss 2.7561 lr 2.88e-03 tok/s 190299 TFLOPS 5.317
step 460/2000 loss 2.4511 lr 2.86e-03 tok/s 190297 TFLOPS 5.317
step 480/2000 loss 2.3501 lr 2.84e-03 tok/s 190172 TFLOPS 5.313
step 500/2000 loss 2.8559 lr 2.82e-03 tok/s 190174 TFLOPS 5.313
  [eval] step 500 val_loss 3.1853
  [ckpt] saved dom_v3_checkpoint.pt
step 520/2000 loss 2.8518 lr 2.80e-03 tok/s 163978 TFLOPS 4.581
step 540/2000 loss 2.5402 lr 2.77e-03 tok/s 190125 TFLOPS 5.312
step 560/2000 loss 2.4917 lr 2.74e-03 tok/s 190208 TFLOPS 5.314
step 580/2000 loss 2.2703 lr 2.72e-03 tok/s 190250 TFLOPS 5.315
step 600/2000 loss 2.0840 lr 2.69e-03 tok/s 190257 TFLOPS 5.315
  [eval] step 600 val_loss 3.3059
step 620/2000 loss 1.9816 lr 2.65e-03 tok/s 168512 TFLOPS 4.708
step 640/2000 loss 1.8790 lr 2.62e-03 tok/s 190275 TFLOPS 5.316
step 660/2000 loss 2.1125 lr 2.59e-03 tok/s 190375 TFLOPS 5.319
step 680/2000 loss 3.1278 lr 2.56e-03 tok/s 190309 TFLOPS 5.317
step 700/2000 loss 2.6861 lr 2.52e-03 tok/s 190270 TFLOPS 5.316
  [eval] step 700 val_loss 3.1347
step 720/2000 loss 2.1339 lr 2.48e-03 tok/s 166249 TFLOPS 4.645
step 740/2000 loss 3.2407 lr 2.45e-03 tok/s 190357 TFLOPS 5.318
step 760/2000 loss 2.7461 lr 2.41e-03 tok/s 190265 TFLOPS 5.316
step 780/2000 loss 2.7377 lr 2.37e-03 tok/s 190290 TFLOPS 5.316
step 800/2000 loss 2.5483 lr 2.33e-03 tok/s 190256 TFLOPS 5.315
  [eval] step 800 val_loss 3.0887
step 820/2000 loss 2.2863 lr 2.29e-03 tok/s 166229 TFLOPS 4.644
step 840/2000 loss 2.4182 lr 2.24e-03 tok/s 190227 TFLOPS 5.315
step 860/2000 loss 2.1267 lr 2.20e-03 tok/s 190250 TFLOPS 5.315
step 880/2000 loss 2.2178 lr 2.16e-03 tok/s 190229 TFLOPS 5.315
step 900/2000 loss 1.9722 lr 2.11e-03 tok/s 190201 TFLOPS 5.314
  [eval] step 900 val_loss 3.2808
step 920/2000 loss 1.8182 lr 2.07e-03 tok/s 168299 TFLOPS 4.702
step 940/2000 loss 2.9109 lr 2.02e-03 tok/s 190213 TFLOPS 5.314
step 960/2000 loss 2.5461 lr 1.98e-03 tok/s 190203 TFLOPS 5.314
step 980/2000 loss 2.0096 lr 1.93e-03 tok/s 190228 TFLOPS 5.315
step 1000/2000 loss 2.3828 lr 1.89e-03 tok/s 190282 TFLOPS 5.316
  [eval] step 1000 val_loss 3.1842
  [ckpt] saved dom_v3_checkpoint.pt
step 1020/2000 loss 2.2567 lr 1.84e-03 tok/s 166198 TFLOPS 4.643
step 1040/2000 loss 2.0535 lr 1.79e-03 tok/s 190272 TFLOPS 5.316
step 1060/2000 loss 2.1003 lr 1.75e-03 tok/s 190277 TFLOPS 5.316
step 1080/2000 loss 1.9228 lr 1.70e-03 tok/s 190284 TFLOPS 5.316
step 1100/2000 loss 2.2879 lr 1.65e-03 tok/s 190263 TFLOPS 5.316
  [eval] step 1100 val_loss 3.2127
step 1120/2000 loss 2.0567 lr 1.61e-03 tok/s 168549 TFLOPS 4.709
step 1140/2000 loss 2.3963 lr 1.56e-03 tok/s 190265 TFLOPS 5.316
step 1160/2000 loss 2.2308 lr 1.51e-03 tok/s 190237 TFLOPS 5.315
step 1180/2000 loss 1.9777 lr 1.46e-03 tok/s 190290 TFLOPS 5.316
step 1200/2000 loss 1.9940 lr 1.42e-03 tok/s 190321 TFLOPS 5.317
  [eval] step 1200 val_loss 3.2794
step 1220/2000 loss 2.6517 lr 1.37e-03 tok/s 168502 TFLOPS 4.708
step 1240/2000 loss 2.3902 lr 1.33e-03 tok/s 190276 TFLOPS 5.316
step 1260/2000 loss 2.1835 lr 1.28e-03 tok/s 190287 TFLOPS 5.316
step 1280/2000 loss 2.0240 lr 1.24e-03 tok/s 190289 TFLOPS 5.316
step 1300/2000 loss 1.9219 lr 1.19e-03 tok/s 190289 TFLOPS 5.316
  [eval] step 1300 val_loss 3.2532
step 1320/2000 loss 2.2803 lr 1.15e-03 tok/s 168449 TFLOPS 4.706
step 1340/2000 loss 2.0237 lr 1.10e-03 tok/s 190251 TFLOPS 5.315
step 1360/2000 loss 2.0887 lr 1.06e-03 tok/s 190250 TFLOPS 5.315
step 1380/2000 loss 2.0896 lr 1.02e-03 tok/s 190273 TFLOPS 5.316
step 1400/2000 loss 1.8974 lr 9.77e-04 tok/s 190251 TFLOPS 5.315
  [eval] step 1400 val_loss 3.3046
step 1420/2000 loss 1.7265 lr 9.37e-04 tok/s 168393 TFLOPS 4.705
step 1440/2000 loss 1.5444 lr 8.97e-04 tok/s 190252 TFLOPS 5.315
step 1460/2000 loss 1.6988 lr 8.58e-04 tok/s 190229 TFLOPS 5.315
step 1480/2000 loss 1.8342 lr 8.21e-04 tok/s 190281 TFLOPS 5.316
step 1500/2000 loss 1.6366 lr 7.84e-04 tok/s 190268 TFLOPS 5.316
  [eval] step 1500 val_loss 3.4635
  [ckpt] saved dom_v3_checkpoint.pt
step 1520/2000 loss 1.4302 lr 7.48e-04 tok/s 166281 TFLOPS 4.646
step 1540/2000 loss 2.2820 lr 7.14e-04 tok/s 190232 TFLOPS 5.315
step 1560/2000 loss 1.8516 lr 6.81e-04 tok/s 190272 TFLOPS 5.316
step 1580/2000 loss 2.1038 lr 6.48e-04 tok/s 190287 TFLOPS 5.316
step 1600/2000 loss 2.0537 lr 6.17e-04 tok/s 190302 TFLOPS 5.317
  [eval] step 1600 val_loss 3.2749
step 1620/2000 loss 1.6017 lr 5.88e-04 tok/s 168419 TFLOPS 4.705
step 1640/2000 loss 2.4858 lr 5.59e-04 tok/s 190283 TFLOPS 5.316
step 1660/2000 loss 2.0505 lr 5.32e-04 tok/s 190281 TFLOPS 5.316
step 1680/2000 loss 2.2722 lr 5.06e-04 tok/s 190292 TFLOPS 5.316
step 1700/2000 loss 1.8321 lr 4.82e-04 tok/s 190264 TFLOPS 5.316
  [eval] step 1700 val_loss 3.3467
step 1720/2000 loss 1.4946 lr 4.59e-04 tok/s 168427 TFLOPS 4.706
step 1740/2000 loss 1.5252 lr 4.38e-04 tok/s 190245 TFLOPS 5.315
step 1760/2000 loss 1.4770 lr 4.18e-04 tok/s 190216 TFLOPS 5.314
step 1780/2000 loss 1.8819 lr 3.99e-04 tok/s 190307 TFLOPS 5.317
step 1800/2000 loss 1.7392 lr 3.82e-04 tok/s 190289 TFLOPS 5.316
  [eval] step 1800 val_loss 3.4514
step 1820/2000 loss 1.4818 lr 3.67e-04 tok/s 168556 TFLOPS 4.709
step 1840/2000 loss 1.7522 lr 3.53e-04 tok/s 190324 TFLOPS 5.317
step 1860/2000 loss 2.2497 lr 3.41e-04 tok/s 190306 TFLOPS 5.317
step 1880/2000 loss 2.0379 lr 3.30e-04 tok/s 190220 TFLOPS 5.314
step 1900/2000 loss 1.6951 lr 3.21e-04 tok/s 190289 TFLOPS 5.316
  [eval] step 1900 val_loss 3.3883
step 1920/2000 loss 1.6352 lr 3.13e-04 tok/s 168590 TFLOPS 4.710
step 1940/2000 loss 1.4603 lr 3.08e-04 tok/s 190253 TFLOPS 5.315
step 1960/2000 loss 1.4946 lr 3.03e-04 tok/s 190326 TFLOPS 5.317
step 1980/2000 loss 1.4216 lr 3.01e-04 tok/s 190267 TFLOPS 5.316
step 2000/2000 loss 1.9970 lr 3.00e-04 tok/s 190357 TFLOPS 5.318
  [eval] step 2000 val_loss 3.3443
  [ckpt] saved dom_v3_checkpoint.pt
prompt: Once upon a time
gen ids: [275, 597, 762, 341, 260, 292, 621, 316, 305, 279, 361, 2045, 374, 538, 115, 270, 457, 272, 261, 351, 993, 117, 443, 360, 859, 119, 290, 702, 881, 260, 281, 621, 290, 279, 260, 473, 1183, 279, 1419, 288, 260, 734, 262, 270, 584, 536, 280, 260, 286, 284]
gen bytes: b'oroundold beun toorth C re of19 affromies sak . theithealuear by secondwasunderiewunitorthas ofunrit January of26ingunawunk sroundpp inunares'
